mode: atomic
github.com/MirMonajir/mir-url-shortener/internal_logic/domain/errors.go:26.35,28.2 1 0
github.com/MirMonajir/mir-url-shortener/internal_logic/domain/errors.go:31.75,37.2 1 6
github.com/MirMonajir/mir-url-shortener/internal_logic/domain/errors.go:40.95,47.2 1 3
github.com/MirMonajir/mir-url-shortener/internal_logic/domain/errors.go:64.43,66.2 1 0
github.com/MirMonajir/mir-url-shortener/internal_logic/domain/errors.go:69.70,76.2 1 0
github.com/MirMonajir/mir-url-shortener/internal_logic/domain/url.go:15.47,17.23 2 0
github.com/MirMonajir/mir-url-shortener/internal_logic/domain/url.go:17.23,19.3 1 0
github.com/MirMonajir/mir-url-shortener/internal_logic/domain/url.go:21.2,22.60 2 0
github.com/MirMonajir/mir-url-shortener/internal_logic/domain/url.go:22.60,24.3 1 0
github.com/MirMonajir/mir-url-shortener/internal_logic/domain/url.go:25.2,25.44 1 0
github.com/MirMonajir/mir-url-shortener/internal_logic/domain/validator.go:18.38,20.2 1 11
github.com/MirMonajir/mir-url-shortener/internal_logic/domain/validator.go:23.63,25.42 1 14
github.com/MirMonajir/mir-url-shortener/internal_logic/domain/validator.go:25.42,27.3 1 1
github.com/MirMonajir/mir-url-shortener/internal_logic/domain/validator.go:30.2,30.37 1 13
github.com/MirMonajir/mir-url-shortener/internal_logic/domain/validator.go:30.37,37.3 1 1
github.com/MirMonajir/mir-url-shortener/internal_logic/domain/validator.go:39.2,39.37 1 12
github.com/MirMonajir/mir-url-shortener/internal_logic/domain/validator.go:39.37,46.3 1 1
github.com/MirMonajir/mir-url-shortener/internal_logic/domain/validator.go:49.2,50.16 2 11
github.com/MirMonajir/mir-url-shortener/internal_logic/domain/validator.go:50.16,57.3 1 0
github.com/MirMonajir/mir-url-shortener/internal_logic/domain/validator.go:60.2,60.28 1 11
github.com/MirMonajir/mir-url-shortener/internal_logic/domain/validator.go:60.28,66.3 1 1
github.com/MirMonajir/mir-url-shortener/internal_logic/domain/validator.go:68.2,68.63 1 10
github.com/MirMonajir/mir-url-shortener/internal_logic/domain/validator.go:68.63,75.3 1 1
github.com/MirMonajir/mir-url-shortener/internal_logic/domain/validator.go:78.2,78.26 1 9
github.com/MirMonajir/mir-url-shortener/internal_logic/domain/validator.go:78.26,84.3 1 1
github.com/MirMonajir/mir-url-shortener/internal_logic/domain/validator.go:87.2,87.55 1 8
github.com/MirMonajir/mir-url-shortener/internal_logic/domain/validator.go:87.55,89.3 1 3
github.com/MirMonajir/mir-url-shortener/internal_logic/domain/validator.go:91.2,91.12 1 5
github.com/MirMonajir/mir-url-shortener/internal_logic/domain/validator.go:95.60,100.29 2 8
github.com/MirMonajir/mir-url-shortener/internal_logic/domain/validator.go:100.29,106.3 1 1
github.com/MirMonajir/mir-url-shortener/internal_logic/domain/validator.go:109.2,110.15 2 7
github.com/MirMonajir/mir-url-shortener/internal_logic/domain/validator.go:110.15,112.22 1 2
github.com/MirMonajir/mir-url-shortener/internal_logic/domain/validator.go:112.22,114.4 1 1
github.com/MirMonajir/mir-url-shortener/internal_logic/domain/validator.go:115.3,115.21 1 1
github.com/MirMonajir/mir-url-shortener/internal_logic/domain/validator.go:115.21,117.4 1 1
github.com/MirMonajir/mir-url-shortener/internal_logic/domain/validator.go:118.3,118.25 1 0
github.com/MirMonajir/mir-url-shortener/internal_logic/domain/validator.go:118.25,120.4 1 0
github.com/MirMonajir/mir-url-shortener/internal_logic/domain/validator.go:121.3,121.23 1 0
github.com/MirMonajir/mir-url-shortener/internal_logic/domain/validator.go:121.23,123.4 1 0
github.com/MirMonajir/mir-url-shortener/internal_logic/domain/validator.go:124.3,124.30 1 0
github.com/MirMonajir/mir-url-shortener/internal_logic/domain/validator.go:124.30,126.4 1 0
github.com/MirMonajir/mir-url-shortener/internal_logic/domain/validator.go:129.2,129.12 1 5
github.com/MirMonajir/mir-url-shortener/internal_logic/infrastructure/config.go:21.36,30.49 2 12
github.com/MirMonajir/mir-url-shortener/internal_logic/infrastructure/config.go:30.49,32.17 2 3
github.com/MirMonajir/mir-url-shortener/internal_logic/infrastructure/config.go:32.17,34.4 1 1
github.com/MirMonajir/mir-url-shortener/internal_logic/infrastructure/config.go:35.3,35.31 1 2
github.com/MirMonajir/mir-url-shortener/internal_logic/infrastructure/config.go:35.31,37.4 1 1
github.com/MirMonajir/mir-url-shortener/internal_logic/infrastructure/config.go:38.3,38.18 1 1
github.com/MirMonajir/mir-url-shortener/internal_logic/infrastructure/config.go:42.2,42.43 1 10
github.com/MirMonajir/mir-url-shortener/internal_logic/infrastructure/config.go:42.43,43.44 1 1
github.com/MirMonajir/mir-url-shortener/internal_logic/infrastructure/config.go:43.44,45.4 1 0
github.com/MirMonajir/mir-url-shortener/internal_logic/infrastructure/config.go:46.3,46.18 1 1
github.com/MirMonajir/mir-url-shortener/internal_logic/infrastructure/config.go:50.2,50.59 1 10
github.com/MirMonajir/mir-url-shortener/internal_logic/infrastructure/config.go:50.59,51.54 1 1
github.com/MirMonajir/mir-url-shortener/internal_logic/infrastructure/config.go:51.54,53.4 1 0
github.com/MirMonajir/mir-url-shortener/internal_logic/infrastructure/config.go:54.3,54.28 1 1
github.com/MirMonajir/mir-url-shortener/internal_logic/infrastructure/config.go:58.2,58.53 1 10
github.com/MirMonajir/mir-url-shortener/internal_logic/infrastructure/config.go:58.53,59.31 1 1
github.com/MirMonajir/mir-url-shortener/internal_logic/infrastructure/config.go:59.31,61.4 1 1
github.com/MirMonajir/mir-url-shortener/internal_logic/infrastructure/config.go:62.3,62.24 1 0
github.com/MirMonajir/mir-url-shortener/internal_logic/infrastructure/config.go:66.2,66.56 1 9
github.com/MirMonajir/mir-url-shortener/internal_logic/infrastructure/config.go:66.56,67.33 1 5
github.com/MirMonajir/mir-url-shortener/internal_logic/infrastructure/config.go:67.33,69.4 1 1
github.com/MirMonajir/mir-url-shortener/internal_logic/infrastructure/config.go:70.3,70.26 1 4
github.com/MirMonajir/mir-url-shortener/internal_logic/infrastructure/config.go:73.2,73.17 1 8
github.com/MirMonajir/mir-url-shortener/internal_logic/infrastructure/config.go:77.38,79.65 1 9
github.com/MirMonajir/mir-url-shortener/internal_logic/infrastructure/config.go:79.65,81.3 1 4
github.com/MirMonajir/mir-url-shortener/internal_logic/infrastructure/config.go:84.2,84.40 1 5
github.com/MirMonajir/mir-url-shortener/internal_logic/infrastructure/config.go:84.40,86.3 1 2
github.com/MirMonajir/mir-url-shortener/internal_logic/infrastructure/config.go:89.2,89.28 1 3
github.com/MirMonajir/mir-url-shortener/internal_logic/infrastructure/config.go:89.28,91.3 1 0
github.com/MirMonajir/mir-url-shortener/internal_logic/infrastructure/config.go:93.2,93.12 1 3
github.com/MirMonajir/mir-url-shortener/internal_logic/infrastructure/config.go:97.40,98.21 1 3
github.com/MirMonajir/mir-url-shortener/internal_logic/infrastructure/config.go:98.21,100.3 1 0
github.com/MirMonajir/mir-url-shortener/internal_logic/infrastructure/config.go:102.2,103.31 2 3
github.com/MirMonajir/mir-url-shortener/internal_logic/infrastructure/config.go:103.31,104.41 1 7
github.com/MirMonajir/mir-url-shortener/internal_logic/infrastructure/config.go:104.41,106.4 1 0
github.com/MirMonajir/mir-url-shortener/internal_logic/infrastructure/config.go:108.3,108.72 1 7
github.com/MirMonajir/mir-url-shortener/internal_logic/infrastructure/config.go:108.72,110.4 1 0
github.com/MirMonajir/mir-url-shortener/internal_logic/infrastructure/config.go:112.3,112.27 1 7
github.com/MirMonajir/mir-url-shortener/internal_logic/infrastructure/config.go:112.27,113.44 1 33
github.com/MirMonajir/mir-url-shortener/internal_logic/infrastructure/config.go:113.44,115.5 1 0
github.com/MirMonajir/mir-url-shortener/internal_logic/infrastructure/config.go:118.2,118.13 1 3
github.com/MirMonajir/mir-url-shortener/internal_logic/infrastructure/config.go:122.34,124.2 1 47
github.com/MirMonajir/mir-url-shortener/internal_logic/infrastructure/config.go:127.42,130.20 2 1
github.com/MirMonajir/mir-url-shortener/internal_logic/infrastructure/config.go:130.20,132.3 1 0
github.com/MirMonajir/mir-url-shortener/internal_logic/infrastructure/config.go:134.2,135.47 2 1
github.com/MirMonajir/mir-url-shortener/internal_logic/infrastructure/config.go:135.47,137.3 1 0
github.com/MirMonajir/mir-url-shortener/internal_logic/infrastructure/config.go:140.2,140.21 1 1
github.com/MirMonajir/mir-url-shortener/internal_logic/infrastructure/config.go:140.21,142.17 2 1
github.com/MirMonajir/mir-url-shortener/internal_logic/infrastructure/config.go:142.17,144.4 1 0
github.com/MirMonajir/mir-url-shortener/internal_logic/infrastructure/config.go:145.3,145.31 1 1
github.com/MirMonajir/mir-url-shortener/internal_logic/infrastructure/config.go:145.31,147.4 1 0
github.com/MirMonajir/mir-url-shortener/internal_logic/infrastructure/config.go:150.2,150.12 1 1
github.com/MirMonajir/mir-url-shortener/internal_logic/infrastructure/config.go:154.39,161.2 2 1
github.com/MirMonajir/mir-url-shortener/internal_logic/infrastructure/config.go:164.41,172.2 2 5
github.com/MirMonajir/mir-url-shortener/internal_logic/infrastructure/inmemoryStore.go:23.40,29.2 1 7
github.com/MirMonajir/mir-url-shortener/internal_logic/infrastructure/inmemoryStore.go:32.61,36.63 3 5
github.com/MirMonajir/mir-url-shortener/internal_logic/infrastructure/inmemoryStore.go:36.63,38.3 1 1
github.com/MirMonajir/mir-url-shortener/internal_logic/infrastructure/inmemoryStore.go:39.2,40.6 2 4
github.com/MirMonajir/mir-url-shortener/internal_logic/infrastructure/inmemoryStore.go:40.6,45.56 2 4
github.com/MirMonajir/mir-url-shortener/internal_logic/infrastructure/inmemoryStore.go:45.56,46.9 1 4
github.com/MirMonajir/mir-url-shortener/internal_logic/infrastructure/inmemoryStore.go:50.2,58.22 6 4
github.com/MirMonajir/mir-url-shortener/internal_logic/infrastructure/inmemoryStore.go:62.66,67.13 4 2
github.com/MirMonajir/mir-url-shortener/internal_logic/infrastructure/inmemoryStore.go:67.13,69.3 1 1
github.com/MirMonajir/mir-url-shortener/internal_logic/infrastructure/inmemoryStore.go:70.2,70.22 1 1
github.com/MirMonajir/mir-url-shortener/internal_logic/infrastructure/inmemoryStore.go:74.60,78.2 3 12
github.com/MirMonajir/mir-url-shortener/internal_logic/infrastructure/inmemoryStore.go:81.58,93.35 6 3
github.com/MirMonajir/mir-url-shortener/internal_logic/infrastructure/inmemoryStore.go:93.35,95.3 1 5
github.com/MirMonajir/mir-url-shortener/internal_logic/infrastructure/inmemoryStore.go:97.2,97.41 1 3
github.com/MirMonajir/mir-url-shortener/internal_logic/infrastructure/inmemoryStore.go:97.41,99.3 1 2
github.com/MirMonajir/mir-url-shortener/internal_logic/infrastructure/inmemoryStore.go:100.2,100.30 1 3
github.com/MirMonajir/mir-url-shortener/internal_logic/infrastructure/inmemoryStore.go:100.30,101.13 1 5
github.com/MirMonajir/mir-url-shortener/internal_logic/infrastructure/inmemoryStore.go:101.13,102.9 1 1
github.com/MirMonajir/mir-url-shortener/internal_logic/infrastructure/inmemoryStore.go:104.3,104.32 1 4
github.com/MirMonajir/mir-url-shortener/internal_logic/infrastructure/inmemoryStore.go:106.2,106.15 1 3
github.com/MirMonajir/mir-url-shortener/internal_logic/infrastructure/inmemoryStore.go:112.32,115.19 3 4
github.com/MirMonajir/mir-url-shortener/internal_logic/infrastructure/inmemoryStore.go:115.19,117.3 1 24
github.com/MirMonajir/mir-url-shortener/internal_logic/infrastructure/inmemoryStore.go:118.2,118.18 1 4
github.com/MirMonajir/mir-url-shortener/internal_logic/infrastructure/inmemoryStore.go:121.44,123.16 2 4
github.com/MirMonajir/mir-url-shortener/internal_logic/infrastructure/inmemoryStore.go:123.16,125.3 1 0
github.com/MirMonajir/mir-url-shortener/internal_logic/infrastructure/inmemoryStore.go:127.2,129.16 3 4
github.com/MirMonajir/mir-url-shortener/internal_logic/infrastructure/inmemoryStore.go:129.16,132.3 1 0
github.com/MirMonajir/mir-url-shortener/internal_logic/infrastructure/inmemoryStore.go:133.2,133.15 1 4
github.com/MirMonajir/mir-url-shortener/cmd/main.go:11.13,14.16 2 0
github.com/MirMonajir/mir-url-shortener/cmd/main.go:14.16,16.3 1 0
github.com/MirMonajir/mir-url-shortener/cmd/main.go:19.2,28.36 5 0
github.com/MirMonajir/mir-url-shortener/cmd/main.go:28.36,30.3 1 0
github.com/MirMonajir/mir-url-shortener/cmd/router.go:10.32,30.2 13 1
github.com/MirMonajir/mir-url-shortener/internal_logic/application/handler.go:14.54,19.2 1 5
github.com/MirMonajir/mir-url-shortener/internal_logic/application/handler.go:36.50,38.47 2 4
github.com/MirMonajir/mir-url-shortener/internal_logic/application/handler.go:38.47,52.3 3 1
github.com/MirMonajir/mir-url-shortener/internal_logic/application/handler.go:55.2,55.74 1 3
github.com/MirMonajir/mir-url-shortener/internal_logic/application/handler.go:55.74,63.3 2 2
github.com/MirMonajir/mir-url-shortener/internal_logic/application/handler.go:65.2,66.16 2 1
github.com/MirMonajir/mir-url-shortener/internal_logic/application/handler.go:66.16,68.47 1 0
github.com/MirMonajir/mir-url-shortener/internal_logic/application/handler.go:68.47,75.4 1 0
github.com/MirMonajir/mir-url-shortener/internal_logic/application/handler.go:75.9,83.4 1 0
github.com/MirMonajir/mir-url-shortener/internal_logic/application/handler.go:84.3,84.9 1 0
github.com/MirMonajir/mir-url-shortener/internal_logic/application/handler.go:87.2,87.53 1 1
github.com/MirMonajir/mir-url-shortener/internal_logic/application/handler.go:90.48,93.16 2 0
github.com/MirMonajir/mir-url-shortener/internal_logic/application/handler.go:93.16,105.3 3 0
github.com/MirMonajir/mir-url-shortener/internal_logic/application/handler.go:107.2,108.16 2 0
github.com/MirMonajir/mir-url-shortener/internal_logic/application/handler.go:108.16,120.3 3 0
github.com/MirMonajir/mir-url-shortener/internal_logic/application/handler.go:122.2,122.36 1 0
github.com/MirMonajir/mir-url-shortener/internal_logic/application/handler.go:125.47,128.2 2 1
github.com/MirMonajir/mir-url-shortener/internal_logic/application/logger.go:10.48,11.30 1 0
github.com/MirMonajir/mir-url-shortener/internal_logic/application/logger.go:11.30,34.3 9 0
github.com/MirMonajir/mir-url-shortener/internal_logic/application/logger.go:38.46,39.30 1 0
github.com/MirMonajir/mir-url-shortener/internal_logic/application/logger.go:39.30,43.24 2 0
github.com/MirMonajir/mir-url-shortener/internal_logic/application/logger.go:43.24,44.33 1 0
github.com/MirMonajir/mir-url-shortener/internal_logic/application/logger.go:44.33,52.5 1 0
github.com/MirMonajir/mir-url-shortener/internal_logic/application/middleware.go:9.50,10.30 1 0
github.com/MirMonajir/mir-url-shortener/internal_logic/application/middleware.go:10.30,30.38 7 0
github.com/MirMonajir/mir-url-shortener/internal_logic/application/middleware.go:30.38,32.4 1 0
github.com/MirMonajir/mir-url-shortener/internal_logic/application/middleware.go:34.3,34.11 1 0
github.com/MirMonajir/mir-url-shortener/internal_logic/application/middleware.go:39.39,40.30 1 0
github.com/MirMonajir/mir-url-shortener/internal_logic/application/middleware.go:40.30,46.48 4 0
github.com/MirMonajir/mir-url-shortener/internal_logic/application/middleware.go:46.48,47.31 1 0
github.com/MirMonajir/mir-url-shortener/internal_logic/application/middleware.go:47.31,49.10 2 0
github.com/MirMonajir/mir-url-shortener/internal_logic/application/middleware.go:53.3,53.32 1 0
github.com/MirMonajir/mir-url-shortener/internal_logic/application/middleware.go:53.32,59.4 5 0
github.com/MirMonajir/mir-url-shortener/internal_logic/application/middleware.go:62.3,62.36 1 0
github.com/MirMonajir/mir-url-shortener/internal_logic/application/middleware.go:62.36,65.4 2 0
github.com/MirMonajir/mir-url-shortener/internal_logic/application/middleware.go:67.3,67.11 1 0
github.com/MirMonajir/mir-url-shortener/internal_logic/application/middleware.go:72.43,73.30 1 0
github.com/MirMonajir/mir-url-shortener/internal_logic/application/middleware.go:73.30,74.16 1 0
github.com/MirMonajir/mir-url-shortener/internal_logic/application/middleware.go:74.16,75.36 1 0
github.com/MirMonajir/mir-url-shortener/internal_logic/application/middleware.go:75.36,83.5 2 0
github.com/MirMonajir/mir-url-shortener/internal_logic/application/middleware.go:85.3,85.11 1 0
github.com/MirMonajir/mir-url-shortener/internal_logic/application/mock_storage.go:13.59,16.2 2 2
github.com/MirMonajir/mir-url-shortener/internal_logic/application/mock_storage.go:18.56,21.2 2 2
github.com/MirMonajir/mir-url-shortener/internal_logic/application/mock_storage.go:23.56,26.2 2 1
github.com/MirMonajir/mir-url-shortener/internal_logic/application/mock_storage.go:28.53,30.2 1 0
github.com/MirMonajir/mir-url-shortener/internal_logic/application/shortener_service_uc.go:14.62,16.2 1 13
github.com/MirMonajir/mir-url-shortener/internal_logic/application/shortener_service_uc.go:19.69,21.16 2 8
github.com/MirMonajir/mir-url-shortener/internal_logic/application/shortener_service_uc.go:21.16,23.3 1 1
github.com/MirMonajir/mir-url-shortener/internal_logic/application/shortener_service_uc.go:24.2,25.16 2 7
github.com/MirMonajir/mir-url-shortener/internal_logic/application/shortener_service_uc.go:25.16,27.3 1 1
github.com/MirMonajir/mir-url-shortener/internal_logic/application/shortener_service_uc.go:28.2,30.57 2 6
github.com/MirMonajir/mir-url-shortener/internal_logic/application/shortener_service_uc.go:33.69,35.2 1 4
github.com/MirMonajir/mir-url-shortener/internal_logic/application/shortener_service_uc.go:37.61,39.2 1 2
